{
  "mappings" : {
    "foo" : {
      "_timestamp" : {
        "enabled" : true,
        "path" : "mypath",
        "store" : "yes"
      }
    }
  }
}